This is pdfTeX, Version 3.141592653-2.6-1.40.25 (TeX Live 2023/Debian) (preloaded format=pdflatex 2025.9.12)  15 MAR 2026 14:34
entering extended mode
 restricted \write18 enabled.
 %&-line parsing enabled.
**inverse_optimal_transport_in_cosmological_simulations_Benthe_Sturre.tex
(./inverse_optimal_transport_in_cosmological_simulations_Benthe_Sturre.tex
LaTeX2e <2023-11-01> patch level 1
L3 programming layer <2024-01-22>
(./lion-msc.cls

Document Class: lion-msc 2017/03/17 v0.27

Leiden Institute of Physics thesis class - version 0.27

Copyright (c) 2014 Michiel de Dood
Please send questions, comments, additions, complaints to:
dood@physics.leidenuniv.nl

loading report class
single linespacing
(/usr/share/texlive/texmf-dist/tex/latex/base/report.cls
Document Class: report 2023/05/17 v1.4n Standard LaTeX document class
(/usr/share/texlive/texmf-dist/tex/latex/base/fleqn.clo
File: fleqn.clo 2016/12/29 v1.2b Standard LaTeX option (flush left equations)
\mathindent=\skip48
Applying: [2015/01/01] Make \[ robust on input line 50.
LaTeX Info: Redefining \[ on input line 51.
Already applied: [0000/00/00] Make \[ robust on input line 62.
Applying: [2015/01/01] Make \] robust on input line 74.
LaTeX Info: Redefining \] on input line 75.
Already applied: [0000/00/00] Make \] robust on input line 83.
)
(/usr/share/texlive/texmf-dist/tex/latex/base/size12.clo
File: size12.clo 2023/05/17 v1.4n Standard LaTeX file (size option)
)
\c@part=\count187
\c@chapter=\count188
\c@section=\count189
\c@subsection=\count190
\c@subsubsection=\count191
\c@paragraph=\count192
\c@subparagraph=\count193
\c@figure=\count194
\c@table=\count195
\abovecaptionskip=\skip49
\belowcaptionskip=\skip50
\bibindent=\dimen140
)
(/usr/share/texlive/texmf-dist/tex/latex/base/inputenc.sty
Package: inputenc 2021/02/14 v1.3d Input encoding file
\inpenc@prehook=\toks17
\inpenc@posthook=\toks18

(/usr/share/texlive/texmf-dist/tex/latex/base/latin9.def
File: latin9.def 2021/02/14 v1.3d Input encoding file
))
(/usr/share/texlive/texmf-dist/tex/latex/graphics/graphicx.sty
Package: graphicx 2021/09/16 v1.2d Enhanced LaTeX Graphics (DPC,SPQR)

(/usr/share/texlive/texmf-dist/tex/latex/graphics/keyval.sty
Package: keyval 2022/05/29 v1.15 key=value parser (DPC)
\KV@toks@=\toks19
)
(/usr/share/texlive/texmf-dist/tex/latex/graphics/graphics.sty
Package: graphics 2022/03/10 v1.4e Standard LaTeX Graphics (DPC,SPQR)

(/usr/share/texlive/texmf-dist/tex/latex/graphics/trig.sty
Package: trig 2021/08/11 v1.11 sin cos tan (DPC)
)
(/usr/share/texlive/texmf-dist/tex/latex/graphics-cfg/graphics.cfg
File: graphics.cfg 2016/06/04 v1.11 sample graphics configuration
)
Package graphics Info: Driver file: pdftex.def on input line 107.

(/usr/share/texlive/texmf-dist/tex/latex/graphics-def/pdftex.def
File: pdftex.def 2022/09/22 v1.2b Graphics/color driver for pdftex
))
\Gin@req@height=\dimen141
\Gin@req@width=\dimen142
)
(/usr/share/texlive/texmf-dist/tex/latex/caption/caption.sty
Package: caption 2023/08/05 v3.6o Customizing captions (AR)

(/usr/share/texlive/texmf-dist/tex/latex/caption/caption3.sty
Package: caption3 2023/07/31 v2.4d caption3 kernel (AR)
\caption@tempdima=\dimen143
\captionmargin=\dimen144
\caption@leftmargin=\dimen145
\caption@rightmargin=\dimen146
\caption@width=\dimen147
\caption@indent=\dimen148
\caption@parindent=\dimen149
\caption@hangindent=\dimen150
Package caption Info: Standard document class detected.
)
\c@caption@flags=\count196
\c@continuedfloat=\count197
)
(/usr/share/texlive/texmf-dist/tex/generic/babel/babel.sty
Package: babel 2024/01/07 v24.1 The Babel package
\babel@savecnt=\count198
\U@D=\dimen151
\l@unhyphenated=\language89

(/usr/share/texlive/texmf-dist/tex/generic/babel/txtbabel.def)
\bbl@readstream=\read2
\bbl@dirlevel=\count199

(/usr/share/texlive/texmf-dist/tex/generic/babel-english/USenglish.ldf
Language: USenglish 2017/06/06 v3.3r English support from the babel system

(/usr/share/texlive/texmf-dist/tex/generic/babel-english/english.ldf
Language: english 2017/06/06 v3.3r English support from the babel system
Package babel Info: Hyphen rules for 'canadian' set to \l@english
(babel)             (\language0). Reported on input line 102.
Package babel Info: Hyphen rules for 'australian' set to \l@ukenglish
(babel)             (\language37). Reported on input line 105.
Package babel Info: Hyphen rules for 'newzealand' set to \l@ukenglish
(babel)             (\language37). Reported on input line 108.
)))
(/usr/share/texlive/texmf-dist/tex/generic/babel/locale/en/babel-usenglish.tex
Package babel Info: Importing font and identification data for USenglish
(babel)             from babel-en-US.ini. Reported on input line 11.
) (/usr/share/texlive/texmf-dist/tex/latex/datetime/datetime.sty
Package: datetime 2015/03/20 v2.60 Date Time Package

(/usr/share/texlive/texmf-dist/tex/latex/etoolbox/etoolbox.sty
Package: etoolbox 2020/10/05 v2.5k e-TeX tools for LaTeX (JAW)
\etb@tempcnta=\count266
)
(/usr/share/texlive/texmf-dist/tex/latex/fmtcount/fmtcount.sty
Package: fmtcount 2020/01/30 v3.07

(/usr/share/texlive/texmf-dist/tex/latex/base/ifthen.sty
Package: ifthen 2022/04/13 v1.1d Standard LaTeX ifthen package (DPC)
)
(/usr/share/texlive/texmf-dist/tex/latex/xkeyval/xkeyval.sty
Package: xkeyval 2022/06/16 v2.9 package option processing (HA)

(/usr/share/texlive/texmf-dist/tex/generic/xkeyval/xkeyval.tex
(/usr/share/texlive/texmf-dist/tex/generic/xkeyval/xkvutils.tex
\XKV@toks=\toks20
\XKV@tempa@toks=\toks21
)
\XKV@depth=\count267
File: xkeyval.tex 2014/12/03 v2.7a key=value parser (HA)
))
(/usr/share/texlive/texmf-dist/tex/latex/fmtcount/fcprefix.sty
Package: fcprefix 2012/09/28

(/usr/share/texlive/texmf-dist/tex/latex/fmtcount/fcnumparser.sty
Package: fcnumparser 2017/06/15
\fc@digit@counter=\count268
))
(/usr/share/texlive/texmf-dist/tex/latex/amsmath/amsgen.sty
File: amsgen.sty 1999/11/30 v2.0 generic functions
\@emptytoks=\toks22
\ex@=\dimen152
)
\c@padzeroesN=\count269
\fc@tmpcatcode=\count270

(/usr/share/texlive/texmf-dist/tex/latex/fmtcount/fc-english.def
File: fc-english.def 2016/01/12
)
(/usr/share/texlive/texmf-dist/tex/latex/fmtcount/fc-USenglish.def
File: fc-USenglish.def 2013/08/17
)
\@DT@modctr=\count271
\@ordinalctr=\count272
\@orgargctr=\count273
\@strctr=\count274
\@tmpstrctr=\count275
\@DT@loopN=\count276
\@DT@X=\count277
)
(/usr/share/texlive/texmf-dist/tex/latex/datetime/datetime-defaults.sty
Package: datetime-defaults 2013/09/10
)
\@day=\count278
\@month=\count279
\@year=\count280
\c@HOUR=\count281
\c@HOURXII=\count282
\c@MINUTE=\count283
\c@TOHOUR=\count284
\c@TOMINUTE=\count285
\c@SECOND=\count286
\currenthour=\count287
\currentminute=\count288
\currentsecond=\count289
Package datetime Info: No datetime.cfg file found, using default settings on in
put line 308.
\@dtctr=\count290
\dayofyear=\count291
\dayofweek=\count292
LaTeX Info: Redefining \today on input line 736.

(/usr/share/texlive/texmf-dist/tex/latex/datetime/dt-USenglish.def
File: dt-USenglish.def 2013/09/10
)
\dt@a=\toks23
\dt@b=\toks24
)
(/usr/share/texlive/texmf-dist/tex/latex/tools/calc.sty
Package: calc 2023/07/08 v4.3 Infix arithmetic (KKT,FJ)
\calc@Acount=\count293
\calc@Bcount=\count294
\calc@Adimen=\dimen153
\calc@Bdimen=\dimen154
\calc@Askip=\skip51
\calc@Bskip=\skip52
LaTeX Info: Redefining \setlength on input line 80.
LaTeX Info: Redefining \addtolength on input line 81.
\calc@Ccount=\count295
\calc@Cskip=\skip53
)
(/usr/share/texlive/texmf-dist/tex/latex/xcolor/xcolor.sty
Package: xcolor 2023/11/15 v3.01 LaTeX color extensions (UK)

(/usr/share/texlive/texmf-dist/tex/latex/graphics-cfg/color.cfg
File: color.cfg 2016/01/02 v1.6 sample color configuration
)
Package xcolor Info: Driver file: pdftex.def on input line 274.

(/usr/share/texlive/texmf-dist/tex/latex/graphics/mathcolor.ltx)
Package xcolor Info: Model `cmy' substituted by `cmy0' on input line 1350.
Package xcolor Info: Model `hsb' substituted by `rgb' on input line 1354.
Package xcolor Info: Model `RGB' extended on input line 1366.
Package xcolor Info: Model `HTML' substituted by `rgb' on input line 1368.
Package xcolor Info: Model `Hsb' substituted by `hsb' on input line 1369.
Package xcolor Info: Model `tHsb' substituted by `hsb' on input line 1370.
Package xcolor Info: Model `HSB' substituted by `hsb' on input line 1371.
Package xcolor Info: Model `Gray' substituted by `gray' on input line 1372.
Package xcolor Info: Model `wave' substituted by `hsb' on input line 1373.
)
(/usr/share/texlive/texmf-dist/tex/latex/fncychap/fncychap.sty
Package: fncychap 2007/07/30 v1.34 LaTeX package (Revised chapters)
\RW=\skip54
\mylen=\skip55
\myhi=\skip56
\px=\skip57
\py=\skip58
\pyy=\skip59
\pxx=\skip60
)
(/usr/share/texlive/texmf-dist/tex/latex/fancyhdr/fancyhdr.sty
Package: fancyhdr 2022/11/09 v4.1 Extensive control of page headers and footers

\f@nch@headwidth=\skip61
\f@nch@O@elh=\skip62
\f@nch@O@erh=\skip63
\f@nch@O@olh=\skip64
\f@nch@O@orh=\skip65
\f@nch@O@elf=\skip66
\f@nch@O@erf=\skip67
\f@nch@O@olf=\skip68
\f@nch@O@orf=\skip69
)
(/usr/share/texlive/texmf-dist/tex/latex/titling/titling.sty
Package: titling 2009/09/04 v2.1d maketitle typesetting
\thanksmarkwidth=\skip70
\thanksmargin=\skip71
\droptitle=\skip72
))
(/usr/share/texlive/texmf-dist/tex/latex/hyperref/hyperref.sty
Package: hyperref 2024-01-20 v7.01h Hypertext links for LaTeX

(/usr/share/texlive/texmf-dist/tex/generic/iftex/iftex.sty
Package: iftex 2022/02/03 v1.0f TeX engine tests
)
(/usr/share/texlive/texmf-dist/tex/latex/kvsetkeys/kvsetkeys.sty
Package: kvsetkeys 2022-10-05 v1.19 Key value parser (HO)
)
(/usr/share/texlive/texmf-dist/tex/generic/kvdefinekeys/kvdefinekeys.sty
Package: kvdefinekeys 2019-12-19 v1.6 Define keys (HO)
)
(/usr/share/texlive/texmf-dist/tex/generic/pdfescape/pdfescape.sty
Package: pdfescape 2019/12/09 v1.15 Implements pdfTeX's escape features (HO)

(/usr/share/texlive/texmf-dist/tex/generic/ltxcmds/ltxcmds.sty
Package: ltxcmds 2023-12-04 v1.26 LaTeX kernel commands for general use (HO)
)
(/usr/share/texlive/texmf-dist/tex/generic/pdftexcmds/pdftexcmds.sty
Package: pdftexcmds 2020-06-27 v0.33 Utility functions of pdfTeX for LuaTeX (HO
)

(/usr/share/texlive/texmf-dist/tex/generic/infwarerr/infwarerr.sty
Package: infwarerr 2019/12/03 v1.5 Providing info/warning/error messages (HO)
)
Package pdftexcmds Info: \pdf@primitive is available.
Package pdftexcmds Info: \pdf@ifprimitive is available.
Package pdftexcmds Info: \pdfdraftmode found.
))
(/usr/share/texlive/texmf-dist/tex/latex/hycolor/hycolor.sty
Package: hycolor 2020-01-27 v1.10 Color options for hyperref/bookmark (HO)
)
(/usr/share/texlive/texmf-dist/tex/latex/auxhook/auxhook.sty
Package: auxhook 2019-12-17 v1.6 Hooks for auxiliary files (HO)
)
(/usr/share/texlive/texmf-dist/tex/latex/hyperref/nameref.sty
Package: nameref 2023-11-26 v2.56 Cross-referencing by name of section

(/usr/share/texlive/texmf-dist/tex/latex/refcount/refcount.sty
Package: refcount 2019/12/15 v3.6 Data extraction from label references (HO)
)
(/usr/share/texlive/texmf-dist/tex/generic/gettitlestring/gettitlestring.sty
Package: gettitlestring 2019/12/15 v1.6 Cleanup title references (HO)

(/usr/share/texlive/texmf-dist/tex/latex/kvoptions/kvoptions.sty
Package: kvoptions 2022-06-15 v3.15 Key value format for package options (HO)
))
\c@section@level=\count296
)
\@linkdim=\dimen155
\Hy@linkcounter=\count297
\Hy@pagecounter=\count298

(/usr/share/texlive/texmf-dist/tex/latex/hyperref/pd1enc.def
File: pd1enc.def 2024-01-20 v7.01h Hyperref: PDFDocEncoding definition (HO)
Now handling font encoding PD1 ...
... no UTF-8 mapping file for font encoding PD1
)
(/usr/share/texlive/texmf-dist/tex/generic/intcalc/intcalc.sty
Package: intcalc 2019/12/15 v1.3 Expandable calculations with integers (HO)
)
\Hy@SavedSpaceFactor=\count299

(/usr/share/texlive/texmf-dist/tex/latex/hyperref/puenc.def
File: puenc.def 2024-01-20 v7.01h Hyperref: PDF Unicode definition (HO)
Now handling font encoding PU ...
... no UTF-8 mapping file for font encoding PU
)
Package hyperref Info: Option `pdfusetitle' set `true' on input line 4062.
Package hyperref Info: Hyper figures OFF on input line 4179.
Package hyperref Info: Link nesting OFF on input line 4184.
Package hyperref Info: Hyper index ON on input line 4187.
Package hyperref Info: Plain pages OFF on input line 4194.
Package hyperref Info: Backreferencing OFF on input line 4199.
Package hyperref Info: Implicit mode ON; LaTeX internals redefined.
Package hyperref Info: Bookmarks ON on input line 4446.
\c@Hy@tempcnt=\count300

(/usr/share/texlive/texmf-dist/tex/latex/url/url.sty
\Urlmuskip=\muskip16
Package: url 2013/09/16  ver 3.4  Verb mode for urls, etc.
)
LaTeX Info: Redefining \url on input line 4784.
\XeTeXLinkMargin=\dimen156

(/usr/share/texlive/texmf-dist/tex/generic/bitset/bitset.sty
Package: bitset 2019/12/09 v1.3 Handle bit-vector datatype (HO)

(/usr/share/texlive/texmf-dist/tex/generic/bigintcalc/bigintcalc.sty
Package: bigintcalc 2019/12/15 v1.5 Expandable calculations on big integers (HO
)
))
\Fld@menulength=\count301
\Field@Width=\dimen157
\Fld@charsize=\dimen158
Package hyperref Info: Hyper figures OFF on input line 6063.
Package hyperref Info: Link nesting OFF on input line 6068.
Package hyperref Info: Hyper index ON on input line 6071.
Package hyperref Info: backreferencing OFF on input line 6078.
Package hyperref Info: Link coloring OFF on input line 6083.
Package hyperref Info: Link coloring with OCG OFF on input line 6088.
Package hyperref Info: PDF/A mode OFF on input line 6093.

(/usr/share/texlive/texmf-dist/tex/latex/base/atbegshi-ltx.sty
Package: atbegshi-ltx 2021/01/10 v1.0c Emulation of the original atbegshi
package with kernel methods
)
\Hy@abspage=\count302
\c@Item=\count303
\c@Hfootnote=\count304
)
Package hyperref Info: Driver (autodetected): hpdftex.

(/usr/share/texlive/texmf-dist/tex/latex/hyperref/hpdftex.def
File: hpdftex.def 2024-01-20 v7.01h Hyperref driver for pdfTeX

(/usr/share/texlive/texmf-dist/tex/latex/base/atveryend-ltx.sty
Package: atveryend-ltx 2020/08/19 v1.0a Emulation of the original atveryend pac
kage
with kernel methods
)
\Fld@listcount=\count305
\c@bookmark@seq@number=\count306

(/usr/share/texlive/texmf-dist/tex/latex/rerunfilecheck/rerunfilecheck.sty
Package: rerunfilecheck 2022-07-10 v1.10 Rerun checks for auxiliary files (HO)

(/usr/share/texlive/texmf-dist/tex/generic/uniquecounter/uniquecounter.sty
Package: uniquecounter 2019/12/15 v1.4 Provide unlimited unique counter (HO)
)
Package uniquecounter Info: New unique counter `rerunfilecheck' on input line 2
85.
)
\Hy@SectionHShift=\skip73
)
(/usr/share/texlive/texmf-dist/tex/latex/tocloft/tocloft.sty
Package: tocloft 2017/08/31 v2.3i parameterised ToC, etc., typesetting
Package tocloft Info: The document has chapter divisions on input line 51.
\cftparskip=\skip74
\cftbeforetoctitleskip=\skip75
\cftaftertoctitleskip=\skip76
\cftbeforepartskip=\skip77
\cftpartnumwidth=\skip78
\cftpartindent=\skip79
\cftbeforechapskip=\skip80
\cftchapindent=\skip81
\cftchapnumwidth=\skip82
\cftbeforesecskip=\skip83
\cftsecindent=\skip84
\cftsecnumwidth=\skip85
\cftbeforesubsecskip=\skip86
\cftsubsecindent=\skip87
\cftsubsecnumwidth=\skip88
\cftbeforesubsubsecskip=\skip89
\cftsubsubsecindent=\skip90
\cftsubsubsecnumwidth=\skip91
\cftbeforeparaskip=\skip92
\cftparaindent=\skip93
\cftparanumwidth=\skip94
\cftbeforesubparaskip=\skip95
\cftsubparaindent=\skip96
\cftsubparanumwidth=\skip97
\cftbeforeloftitleskip=\skip98
\cftafterloftitleskip=\skip99
\cftbeforefigskip=\skip100
\cftfigindent=\skip101
\cftfignumwidth=\skip102
\c@lofdepth=\count307
\c@lotdepth=\count308
\cftbeforelottitleskip=\skip103
\cftafterlottitleskip=\skip104
\cftbeforetabskip=\skip105
\cfttabindent=\skip106
\cfttabnumwidth=\skip107
)
Package hyperref Info: Option `colorlinks' set `false' on input line 27.

(/usr/share/texlive/texmf-dist/tex/latex/amsmath/amsmath.sty
Package: amsmath 2023/05/13 v2.17o AMS math features
\@mathmargin=\skip108

For additional information on amsmath, use the `?' option.
(/usr/share/texlive/texmf-dist/tex/latex/amsmath/amstext.sty
Package: amstext 2021/08/26 v2.01 AMS text
)
(/usr/share/texlive/texmf-dist/tex/latex/amsmath/amsbsy.sty
Package: amsbsy 1999/11/29 v1.2d Bold Symbols
\pmbraise@=\dimen159
)
(/usr/share/texlive/texmf-dist/tex/latex/amsmath/amsopn.sty
Package: amsopn 2022/04/08 v2.04 operator names
)
\inf@bad=\count309
LaTeX Info: Redefining \frac on input line 234.
\uproot@=\count310
\leftroot@=\count311
LaTeX Info: Redefining \overline on input line 399.
LaTeX Info: Redefining \colon on input line 410.
\classnum@=\count312
\DOTSCASE@=\count313
LaTeX Info: Redefining \ldots on input line 496.
LaTeX Info: Redefining \dots on input line 499.
LaTeX Info: Redefining \cdots on input line 620.
\Mathstrutbox@=\box51
\strutbox@=\box52
LaTeX Info: Redefining \big on input line 722.
LaTeX Info: Redefining \Big on input line 723.
LaTeX Info: Redefining \bigg on input line 724.
LaTeX Info: Redefining \Bigg on input line 725.
\big@size=\dimen160
LaTeX Font Info:    Redeclaring font encoding OML on input line 743.
LaTeX Font Info:    Redeclaring font encoding OMS on input line 744.
\macc@depth=\count314
LaTeX Info: Redefining \bmod on input line 905.
LaTeX Info: Redefining \pmod on input line 910.
LaTeX Info: Redefining \smash on input line 940.
LaTeX Info: Redefining \relbar on input line 970.
LaTeX Info: Redefining \Relbar on input line 971.
\c@MaxMatrixCols=\count315
\dotsspace@=\muskip17
\c@parentequation=\count316
\dspbrk@lvl=\count317
\tag@help=\toks25
\row@=\count318
\column@=\count319
\maxfields@=\count320
\andhelp@=\toks26
\eqnshift@=\dimen161
\alignsep@=\dimen162
\tagshift@=\dimen163
\tagwidth@=\dimen164
\totwidth@=\dimen165
\lineht@=\dimen166
\@envbody=\toks27
\multlinegap=\skip109
\multlinetaggap=\skip110
\mathdisplay@stack=\toks28
LaTeX Info: Redefining \[ on input line 2953.
LaTeX Info: Redefining \] on input line 2954.
)
(/usr/share/texlive/texmf-dist/tex/latex/parskip/parskip.sty
Package: parskip 2021-03-14 v2.0h non-zero parskip adjustments
)
(/usr/share/texlive/texmf-dist/tex/latex/tools/enumerate.sty
Package: enumerate 2023/07/04 v3.00 enumerate extensions (DPC)
\@enLab=\toks29
)
(/usr/share/texlive/texmf-dist/tex/latex/float/float.sty
Package: float 2001/11/08 v1.3d Float enhancements (AL)
\c@float@type=\count321
\float@exts=\toks30
\float@box=\box53
\@float@everytoks=\toks31
\@floatcapt=\box54
)
(/usr/share/texlive/texmf-dist/tex/latex/amsfonts/amssymb.sty
Package: amssymb 2013/01/14 v3.01 AMS font symbols

(/usr/share/texlive/texmf-dist/tex/latex/amsfonts/amsfonts.sty
Package: amsfonts 2013/01/14 v3.01 Basic AMSFonts support
\symAMSa=\mathgroup4
\symAMSb=\mathgroup5
LaTeX Font Info:    Redeclaring math symbol \hbar on input line 98.
LaTeX Font Info:    Overwriting math alphabet `\mathfrak' in version `bold'
(Font)                  U/euf/m/n --> U/euf/b/n on input line 106.
))
(/usr/share/texlive/texmf-dist/tex/latex/pdfpages/pdfpages.sty
Package: pdfpages 2024/01/21 v0.5y Insert pages of external PDF documents (AM)

(/usr/share/texlive/texmf-dist/tex/latex/eso-pic/eso-pic.sty
Package: eso-pic 2023/05/03 v3.0c eso-pic (RN)
\ESO@tempdima=\dimen167
\ESO@tempdimb=\dimen168
)
\AM@pagewidth=\dimen169
\AM@pageheight=\dimen170
\AM@fboxrule=\dimen171

(/usr/share/texlive/texmf-dist/tex/latex/pdfpages/pppdftex.def
File: pppdftex.def 2024/01/21 v0.5y Pdfpages driver for pdfTeX (AM)
)
\pdfpages@includegraphics@status=\count322
\AM@pagebox=\box55
\AM@global@opts=\toks32
\AM@pagecnt=\count323
\AM@toc@title=\toks33
\AM@lof@heading=\toks34
\c@AM@survey=\count324
\AM@templatesizebox=\box56
)
(/usr/share/texlive/texmf-dist/tex/latex/amscls/amsthm.sty
Package: amsthm 2020/05/29 v2.20.6
\thm@style=\toks35
\thm@bodyfont=\toks36
\thm@headfont=\toks37
\thm@notefont=\toks38
\thm@headpunct=\toks39
\thm@preskip=\skip111
\thm@postskip=\skip112
\thm@headsep=\skip113
\dth@everypar=\toks40
)
(/usr/share/texlive/texmf-dist/tex/latex/listings/listings.sty
\lst@mode=\count325
\lst@gtempboxa=\box57
\lst@token=\toks41
\lst@length=\count326
\lst@currlwidth=\dimen172
\lst@column=\count327
\lst@pos=\count328
\lst@lostspace=\dimen173
\lst@width=\dimen174
\lst@newlines=\count329
\lst@lineno=\count330
\lst@maxwidth=\dimen175

(/usr/share/texlive/texmf-dist/tex/latex/listings/lstmisc.sty
File: lstmisc.sty 2023/02/27 1.9 (Carsten Heinz)
\c@lstnumber=\count331
\lst@skipnumbers=\count332
\lst@framebox=\box58
)
(/usr/share/texlive/texmf-dist/tex/latex/listings/listings.cfg
File: listings.cfg 2023/02/27 1.9 listings configuration
))
Package: listings 2023/02/27 1.9 (Carsten Heinz)

(/usr/share/texlive/texmf-dist/tex/latex/tools/multicol.sty
Package: multicol 2023/03/30 v1.9f multicolumn formatting (FMi)
\c@tracingmulticols=\count333
\mult@box=\box59
\multicol@leftmargin=\dimen176
\c@unbalance=\count334
\c@collectmore=\count335
\doublecol@number=\count336
\multicoltolerance=\count337
\multicolpretolerance=\count338
\full@width=\dimen177
\page@free=\dimen178
\premulticols=\dimen179
\postmulticols=\dimen180
\multicolsep=\skip114
\multicolbaselineskip=\skip115
\partial@page=\box60
\last@line=\box61
\mc@boxedresult=\box62
\maxbalancingoverflow=\dimen181
\mult@rightbox=\box63
\mult@grightbox=\box64
\mult@firstbox=\box65
\mult@gfirstbox=\box66
\@tempa=\box67
\@tempa=\box68
\@tempa=\box69
\@tempa=\box70
\@tempa=\box71
\@tempa=\box72
\@tempa=\box73
\@tempa=\box74
\@tempa=\box75
\@tempa=\box76
\@tempa=\box77
\@tempa=\box78
\@tempa=\box79
\@tempa=\box80
\@tempa=\box81
\@tempa=\box82
\@tempa=\box83
\@tempa=\box84
\@tempa=\box85
\@tempa=\box86
\@tempa=\box87
\@tempa=\box88
\@tempa=\box89
\@tempa=\box90
\@tempa=\box91
\@tempa=\box92
\@tempa=\box93
\@tempa=\box94
\@tempa=\box95
\@tempa=\box96
\@tempa=\box97
\@tempa=\box98
\@tempa=\box99
\@tempa=\box100
\@tempa=\box101
\@tempa=\box102
\c@minrows=\count339
\c@columnbadness=\count340
\c@finalcolumnbadness=\count341
\last@try=\dimen182
\multicolovershoot=\dimen183
\multicolundershoot=\dimen184
\mult@nat@firstbox=\box103
\colbreak@box=\box104
\mc@col@check@num=\count342
)
(/usr/share/texlive/texmf-dist/tex/latex/lipsum/lipsum.sty
(/usr/share/texlive/texmf-dist/tex/latex/l3packages/l3keys2e/l3keys2e.sty
(/usr/share/texlive/texmf-dist/tex/latex/l3kernel/expl3.sty
Package: expl3 2024-01-22 L3 programming layer (loader) 

(/usr/share/texlive/texmf-dist/tex/latex/l3backend/l3backend-pdftex.def
File: l3backend-pdftex.def 2024-01-04 L3 backend support: PDF output (pdfTeX)
\l__color_backend_stack_int=\count343
\l__pdf_internal_box=\box105
))
Package: l3keys2e 2023-10-10 LaTeX2e option processing using LaTeX3 keys
)
Package: lipsum 2021-09-20 v2.7 150 paragraphs of Lorem Ipsum dummy text
\g__lipsum_par_int=\count344
\l__lipsum_a_int=\count345
\l__lipsum_b_int=\count346

(/usr/share/texlive/texmf-dist/tex/latex/lipsum/lipsum.ltd.tex))
(/usr/share/texlive/texmf-dist/tex/latex/geometry/geometry.sty
Package: geometry 2020/01/02 v5.9 Page Geometry

(/usr/share/texlive/texmf-dist/tex/generic/iftex/ifvtex.sty
Package: ifvtex 2019/10/25 v1.7 ifvtex legacy package. Use iftex instead.
)
\Gm@cnth=\count347
\Gm@cntv=\count348
\c@Gm@tempcnt=\count349
\Gm@bindingoffset=\dimen185
\Gm@wd@mp=\dimen186
\Gm@odd@mp=\dimen187
\Gm@even@mp=\dimen188
\Gm@layoutwidth=\dimen189
\Gm@layoutheight=\dimen190
\Gm@layouthoffset=\dimen191
\Gm@layoutvoffset=\dimen192
\Gm@dimlist=\toks42
)
(/usr/share/texlive/texmf-dist/tex/latex/comment/comment.sty
\CommentStream=\write3

Excluding comment 'comment')
(/usr/share/texlive/texmf-dist/tex/latex/subfig/subfig.sty
Package: subfig 2005/06/28 ver: 1.3 subfig package
\c@KVtest=\count350
\sf@farskip=\skip116
\sf@captopadj=\dimen193
\sf@capskip=\skip117
\sf@nearskip=\skip118
\c@subfigure=\count351
\c@subfigure@save=\count352
\c@subtable=\count353
\c@subtable@save=\count354
\sf@top=\skip119
\sf@bottom=\skip120
)
(/usr/share/texlive/texmf-dist/tex/latex/caption/subcaption.sty
Package: subcaption 2023/07/28 v1.6b Sub-captions (AR)
LaTeX Info: Redefining \subref on input line 189.
Package subcaption Info: The counter `subfigure' was already defined by
(subcaption)             \newsubfloat (offered by the subfig package) on input 
line 238.
Package subcaption Info: The counter `subtable' was already defined by
(subcaption)             \newsubfloat (offered by the subfig package) on input 
line 238.
)
(/usr/share/texlive/texmf-dist/tex/latex/bbm-macros/bbm.sty
Package: bbm 1999/03/15 V 1.2 provides fonts for set symbols - TH
LaTeX Font Info:    Overwriting math alphabet `\mathbbm' in version `bold'
(Font)                  U/bbm/m/n --> U/bbm/bx/n on input line 33.
LaTeX Font Info:    Overwriting math alphabet `\mathbbmss' in version `bold'
(Font)                  U/bbmss/m/n --> U/bbmss/bx/n on input line 35.
)
(/usr/share/texlive/texmf-dist/tex/latex/enumitem/enumitem.sty
Package: enumitem 2019/06/20 v3.9 Customized lists
\labelindent=\skip121
\enit@outerparindent=\dimen194
\enit@toks=\toks43
\enit@inbox=\box106
\enit@count@id=\count355
\enitdp@description=\count356
)
(./algorithm2e.sty
Package: algorithm2e 2017/07/18 v5.2 algorithms environments
\c@AlgoLine=\count357
\algocf@hangindent=\skip122

(/usr/share/texlive/texmf-dist/tex/latex/ifoddpage/ifoddpage.sty
Package: ifoddpage 2022/10/18 v1.2 Conditionals for odd/even page detection
\c@checkoddpage=\count358
)
(/usr/share/texlive/texmf-dist/tex/latex/tools/xspace.sty
Package: xspace 2014/10/28 v1.13 Space after command names (DPC,MH)
)
(/usr/share/texlive/texmf-dist/tex/latex/relsize/relsize.sty
Package: relsize 2013/03/29 ver 4.1
)
\skiptotal=\skip123
\skiplinenumber=\skip124
\skiprule=\skip125
\skiphlne=\skip126
\skiptext=\skip127
\skiplength=\skip128
\algomargin=\skip129
\skipalgocfslide=\skip130
\algowidth=\dimen195
\inoutsize=\dimen196
\inoutindent=\dimen197
\interspacetitleruled=\dimen198
\interspacealgoruled=\dimen199
\interspacetitleboxruled=\dimen256
\algocf@ruledwidth=\skip131
\algocf@inoutbox=\box107
\algocf@inputbox=\box108
\AlCapSkip=\skip132
\AlCapHSkip=\skip133
\algoskipindent=\skip134
\algocf@nlbox=\box109
\algocf@hangingbox=\box110
\algocf@untilbox=\box111
\algocf@skipuntil=\skip135
\algocf@capbox=\box112
\algocf@lcaptionbox=\skip136
\algoheightruledefault=\skip137
\algoheightrule=\skip138
\algotitleheightruledefault=\skip139
\algotitleheightrule=\skip140
\c@algocfline=\count359
\c@algocfproc=\count360
\c@algocf=\count361
\algocf@algoframe=\box113
\algocf@algobox=\box114
)
(/usr/share/texlive/texmf-dist/tex/latex/chngcntr/chngcntr.sty
Package: chngcntr 2018/04/09 v1.1a change counter resetting
Package chngcntr Info: \counterwithout already defined.
(chngcntr)             Quitting chngcntr on input line 21.
)
(/usr/share/texlive/texmf-dist/tex/latex/titlesec/titlesec.sty
Package: titlesec 2023/10/27 v2.16 Sectioning titles
\ttl@box=\box115
\beforetitleunit=\skip141
\aftertitleunit=\skip142
\ttl@plus=\dimen257
\ttl@minus=\dimen258
\ttl@toksa=\toks44
\titlewidth=\dimen259
\titlewidthlast=\dimen260
\titlewidthfirst=\dimen261
)
(/usr/share/texlive/texmf-dist/tex/latex/sectsty/sectsty.sty
Package: sectsty 2002/02/25 v2.0.2 Commands to change all sectional heading sty
les


LaTeX Warning: Command \underbar  has changed.
               Check if current package is valid.


LaTeX Warning: Command \underline  has changed.
               Check if current package is valid.

) (/usr/share/texlive/texmf-dist/tex/latex/natbib/natbib.sty
Package: natbib 2010/09/13 8.31b (PWD, AO)
\bibhang=\skip143
\bibsep=\skip144
LaTeX Info: Redefining \cite on input line 694.
\c@NAT@ctr=\count362
)
\c@theorem=\count363
Package hyperref Info: Option `colorlinks' set `true' on input line 146.

(./inverse_optimal_transport_in_cosmological_simulations_Benthe_Sturre.aux
(./intro.aux) (./ch2.aux) (./data.aux) (./ch3.aux) (./recovering_cost.aux)
(./outlook.aux) (./appendix.aux))
\openout1 = `inverse_optimal_transport_in_cosmological_simulations_Benthe_Sturr
e.aux'.

LaTeX Font Info:    Checking defaults for OML/cmm/m/it on input line 156.
LaTeX Font Info:    ... okay on input line 156.
LaTeX Font Info:    Checking defaults for OMS/cmsy/m/n on input line 156.
LaTeX Font Info:    ... okay on input line 156.
LaTeX Font Info:    Checking defaults for OT1/cmr/m/n on input line 156.
LaTeX Font Info:    ... okay on input line 156.
LaTeX Font Info:    Checking defaults for T1/cmr/m/n on input line 156.
LaTeX Font Info:    ... okay on input line 156.
LaTeX Font Info:    Checking defaults for TS1/cmr/m/n on input line 156.
LaTeX Font Info:    ... okay on input line 156.
LaTeX Font Info:    Checking defaults for OMX/cmex/m/n on input line 156.
LaTeX Font Info:    ... okay on input line 156.
LaTeX Font Info:    Checking defaults for U/cmr/m/n on input line 156.
LaTeX Font Info:    ... okay on input line 156.
LaTeX Font Info:    Checking defaults for PD1/pdf/m/n on input line 156.
LaTeX Font Info:    ... okay on input line 156.
LaTeX Font Info:    Checking defaults for PU/pdf/m/n on input line 156.
LaTeX Font Info:    ... okay on input line 156.

(/usr/share/texlive/texmf-dist/tex/context/base/mkii/supp-pdf.mkii
[Loading MPS to PDF converter (version 2006.09.02).]
\scratchcounter=\count364
\scratchdimen=\dimen262
\scratchbox=\box116
\nofMPsegments=\count365
\nofMParguments=\count366
\everyMPshowfont=\toks45
\MPscratchCnt=\count367
\MPscratchDim=\dimen263
\MPnumerator=\count368
\makeMPintoPDFobject=\count369
\everyMPtoPDFconversion=\toks46
) (/usr/share/texlive/texmf-dist/tex/latex/epstopdf-pkg/epstopdf-base.sty
Package: epstopdf-base 2020-01-24 v2.11 Base part for package epstopdf
Package epstopdf-base Info: Redefining graphics rule for `.eps' on input line 4
85.

(/usr/share/texlive/texmf-dist/tex/latex/latexconfig/epstopdf-sys.cfg
File: epstopdf-sys.cfg 2010/07/13 v1.3 Configuration of (r)epstopdf for TeX Liv
e
))
Package caption Info: Begin \AtBeginDocument code.
Package caption Info: subfig package v1.3 is loaded.
Package caption Info: float package is loaded.
Package caption Info: hyperref package is loaded.
Package caption Info: listings package is loaded.
Package caption Info: End \AtBeginDocument code.
Package hyperref Info: Link coloring ON on input line 156.

(./inverse_optimal_transport_in_cosmological_simulations_Benthe_Sturre.out)
(./inverse_optimal_transport_in_cosmological_simulations_Benthe_Sturre.out)
\@outlinefile=\write4
\openout4 = `inverse_optimal_transport_in_cosmological_simulations_Benthe_Sturr
e.out'.


Couldn't patch \deferred@thm@head!
(/usr/share/texlive/texmf-dist/tex/latex/pdflscape/pdflscape.sty
Package: pdflscape 2022-10-27 v0.13 Display of landscape pages in PDF

(/usr/share/texlive/texmf-dist/tex/latex/pdflscape/pdflscape-nometadata.sty
Package: pdflscape-nometadata 2022-10-28 v0.13 Display of landscape pages in PD
F (HO)

(/usr/share/texlive/texmf-dist/tex/latex/graphics/lscape.sty
Package: lscape 2020/05/28 v3.02 Landscape Pages (DPC)
)
Package pdflscape Info: Auto-detected driver: pdftex on input line 81.
))
\c@lstlisting=\count370

*geometry* driver: auto-detecting
*geometry* detected driver: pdftex
*geometry* verbose mode - [ preamble ] result:
* driver: pdftex
* paper: a4paper
* layout: <same size as paper>
* layoutoffset:(h,v)=(0.0pt,0.0pt)
* modes: twoside 
* h-part:(L,W,R)=(71.13188pt, 455.24411pt, 71.13188pt)
* v-part:(T,H,B)=(71.13188pt, 702.78308pt, 71.13188pt)
* \paperwidth=597.50787pt
* \paperheight=845.04684pt
* \textwidth=455.24411pt
* \textheight=702.78308pt
* \oddsidemargin=-1.1381pt
* \evensidemargin=-1.1381pt
* \topmargin=-40.6381pt
* \headheight=14.5pt
* \headsep=25.0pt
* \topskip=12.0pt
* \footskip=30.0pt
* \marginparwidth=85.0pt
* \marginparsep=10.0pt
* \columnsep=10.0pt
* \skip\footins=10.8pt plus 4.0pt minus 2.0pt
* \hoffset=0.0pt
* \voffset=0.0pt
* \mag=1000
* \@twocolumnfalse
* \@twosidetrue
* \@mparswitchtrue
* \@reversemarginfalse
* (1in=72.27pt=25.4mm, 1cm=28.453pt)

<lion-msc-logo.pdf, id=180, 68.255pt x 79.29625pt>
File: lion-msc-logo.pdf Graphic file (type pdf)
<use lion-msc-logo.pdf>
Package pdftex.def Info: lion-msc-logo.pdf  used on input line 160.
(pdftex.def)             Requested size: 71.13188pt x 82.644pt.
[1

{/var/lib/texmf/fonts/map/pdftex/updmap/pdftex.map} <./lion-msc-logo.pdf>]
[2

] [3]
(./inverse_optimal_transport_in_cosmological_simulations_Benthe_Sturre.toc
LaTeX Font Info:    Trying to load font information for U+msa on input line 2.

(/usr/share/texlive/texmf-dist/tex/latex/amsfonts/umsa.fd
File: umsa.fd 2013/01/14 v3.01 AMS symbols A
)
LaTeX Font Info:    Trying to load font information for U+msb on input line 2.

(/usr/share/texlive/texmf-dist/tex/latex/amsfonts/umsb.fd
File: umsb.fd 2013/01/14 v3.01 AMS symbols B
) [4])
\tf@toc=\write5
\openout5 = `inverse_optimal_transport_in_cosmological_simulations_Benthe_Sturr
e.toc'.

 [5] [6

]
\openout2 = `intro.aux'.


(./intro.tex
Chapter 1.
[1


]) [2]
\openout2 = `ch2.aux'.

 (./ch2.tex
Chapter 2.
[3




{/usr/share/texmf/fonts/enc/dvips/cm-super/cm-super-ts1.enc}] [4] [5]
<./images/non-unique-optimal-matching.pdf, id=404, 806.22842pt x 306.69884pt>
File: ./images/non-unique-optimal-matching.pdf Graphic file (type pdf)
<use ./images/non-unique-optimal-matching.pdf>
Package pdftex.def Info: ./images/non-unique-optimal-matching.pdf  used on inpu
t line 120.
(pdftex.def)             Requested size: 455.24411pt x 173.17752pt.
LaTeX Font Info:    Trying to load font information for U+bbm on input line 132
.

(/usr/share/texlive/texmf-dist/tex/latex/bbm-macros/ubbm.fd
File: ubbm.fd 1999/03/15 V 1.2 Font definition for bbm font - TH
) [6]
<./images/simplex.pdf, id=425, 503.70474pt x 164.44377pt>
File: ./images/simplex.pdf Graphic file (type pdf)
<use ./images/simplex.pdf>
Package pdftex.def Info: ./images/simplex.pdf  used on input line 172.
(pdftex.def)             Requested size: 318.66948pt x 104.03671pt.
 [7 <./images/non-unique-optimal-matching.pdf>] [8 <./images/simplex.pdf>] [9]
Overfull \hbox (6.31245pt too wide) in paragraph at lines 283--283
[]\OT1/cmr/m/n/12 To de-fine iOT, let us look at two mea-sur-able spaces $\OML/
cmm/m/it/12 X \OT1/cmr/m/n/12 = \OMS/cmsy/m/n/12 f\OML/cmm/m/it/12 x[]; [] ; x[
]\OMS/cmsy/m/n/12 g$ \OT1/cmr/m/n/12 and $\OML/cmm/m/it/12 Y \OT1/cmr/m/n/12 = 
\OMS/cmsy/m/n/12 f\OML/cmm/m/it/12 y[]; [] ; y[]\OMS/cmsy/m/n/12 g$\OT1/cmr/m/n
/12 ,
 []

[10]) [11]
\openout2 = `data.aux'.

 (./data.tex [12




]
Chapter 3.
<./images/projection.pdf, id=612, 368.22116pt x 285.07704pt>
File: ./images/projection.pdf Graphic file (type pdf)
<use ./images/projection.pdf>
Package pdftex.def Info: ./images/projection.pdf  used on input line 11.
(pdftex.def)             Requested size: 227.62204pt x 176.22394pt.
[13 <./images/projection.pdf>]
<./images/boxes.pdf, id=656, 536.72517pt x 557.38046pt>
File: ./images/boxes.pdf Graphic file (type pdf)
<use ./images/boxes.pdf>
Package pdftex.def Info: ./images/boxes.pdf  used on input line 21.
(pdftex.def)             Requested size: 227.62204pt x 236.37752pt.
) [14 <./images/boxes.pdf>]
\openout2 = `ch3.aux'.

 (./ch3.tex
Chapter 4.

Overfull \hbox (10.95622pt too wide) in paragraph at lines 17--17
[]\OT1/cmr/bx/it/17.28 The Dual For-mu-la-tion of In-verse Op-ti-mal Trans-
 []


Underfull \vbox (badness 4660) has occurred while \output is active []

 [15




]
[16] [17] [18] [19]

Package hyperref Warning: Token not allowed in a PDF string (Unicode):
(hyperref)                removing `math shift' on input line 178.


Package hyperref Warning: Token not allowed in a PDF string (Unicode):
(hyperref)                removing `math shift' on input line 178.

[20]) [21]
\openout2 = `recovering_cost.aux'.

 (./recovering_cost.tex [22




]
Chapter 5.
<./images/uniform_v_ma_ncombined-n4-new.pdf, id=859, 858.78207pt x 482.2059pt>
File: ./images/uniform_v_ma_ncombined-n4-new.pdf Graphic file (type pdf)
<use ./images/uniform_v_ma_ncombined-n4-new.pdf>
Package pdftex.def Info: ./images/uniform_v_ma_ncombined-n4-new.pdf  used on in
put line 15.
(pdftex.def)             Requested size: 455.24411pt x 255.62677pt.
<./images/nonuniform_v_ma_ncombined-n4-new.pdf, id=862, 858.78207pt x 482.2059p
t>
File: ./images/nonuniform_v_ma_ncombined-n4-new.pdf Graphic file (type pdf)
<use ./images/nonuniform_v_ma_ncombined-n4-new.pdf>
Package pdftex.def Info: ./images/nonuniform_v_ma_ncombined-n4-new.pdf  used on
 input line 21.
(pdftex.def)             Requested size: 455.24411pt x 255.62677pt.
[23] [24 <./images/uniform_v_ma_ncombined-n4-new.pdf> <./images/nonuniform_v_ma
_ncombined-n4-new.pdf>]
<./images/uniform_expansion_ma_ncombined-n4-new.pdf, id=979, 858.78207pt x 500.
7596pt>
File: ./images/uniform_expansion_ma_ncombined-n4-new.pdf Graphic file (type pdf
)
<use ./images/uniform_expansion_ma_ncombined-n4-new.pdf>
Package pdftex.def Info: ./images/uniform_expansion_ma_ncombined-n4-new.pdf  us
ed on input line 41.
(pdftex.def)             Requested size: 455.24411pt x 265.46245pt.
<./images/nonuniform_expansion_ma_n4_c-combined-exp[2, 5]-new.pdf, id=981, 869.
00777pt x 500.7596pt>
File: ./images/nonuniform_expansion_ma_n4_c-combined-exp[2, 5]-new.pdf Graphic 
file (type pdf)
<use ./images/nonuniform_expansion_ma_n4_c-combined-exp[2, 5]-new.pdf>
Package pdftex.def Info: ./images/nonuniform_expansion_ma_n4_c-combined-exp[2, 
5]-new.pdf  used on input line 47.
(pdftex.def)             Requested size: 455.24411pt x 262.32965pt.
 [25] [26 <./images/uniform_expansion_ma_ncombined-n4-new.pdf> <./images/nonuni
form_expansion_ma_n4_c-combined-exp[2, 5]-new.pdf>]
<./images/uniform_collapse_ma_ncombined-n8-new.pdf, id=1097, 877.1878pt x 500.7
596pt>
File: ./images/uniform_collapse_ma_ncombined-n8-new.pdf Graphic file (type pdf)

<use ./images/uniform_collapse_ma_ncombined-n8-new.pdf>
Package pdftex.def Info: ./images/uniform_collapse_ma_ncombined-n8-new.pdf  use
d on input line 66.
(pdftex.def)             Requested size: 455.24411pt x 259.89218pt.
<./images/nonuniform_collapse_ma_n4_c-combined-exp[2, 5]-new.pdf, id=1099, 869.
00777pt x 500.7596pt>
File: ./images/nonuniform_collapse_ma_n4_c-combined-exp[2, 5]-new.pdf Graphic f
ile (type pdf)
<use ./images/nonuniform_collapse_ma_n4_c-combined-exp[2, 5]-new.pdf>
Package pdftex.def Info: ./images/nonuniform_collapse_ma_n4_c-combined-exp[2, 5
]-new.pdf  used on input line 73.
(pdftex.def)             Requested size: 455.24411pt x 262.32965pt.

[27] [28 <./images/uniform_collapse_ma_ncombined-n8-new.pdf> <./images/nonunifo
rm_collapse_ma_n4_c-combined-exp[2, 5]-new.pdf>]
<./images/walls_ma_n4_c-combined-exp[2, 5]-new.pdf, id=1222, 869.00777pt x 500.
7596pt>
File: ./images/walls_ma_n4_c-combined-exp[2, 5]-new.pdf Graphic file (type pdf)

<use ./images/walls_ma_n4_c-combined-exp[2, 5]-new.pdf>
Package pdftex.def Info: ./images/walls_ma_n4_c-combined-exp[2, 5]-new.pdf  use
d on input line 90.
(pdftex.def)             Requested size: 455.24411pt x 262.32965pt.
<./images/filament_ma_n4_c-combined-exp[2, 5]-new.pdf, id=1224, 869.00777pt x 5
00.7596pt>
File: ./images/filament_ma_n4_c-combined-exp[2, 5]-new.pdf Graphic file (type p
df)
<use ./images/filament_ma_n4_c-combined-exp[2, 5]-new.pdf>
Package pdftex.def Info: ./images/filament_ma_n4_c-combined-exp[2, 5]-new.pdf  
used on input line 97.
(pdftex.def)             Requested size: 455.24411pt x 262.32965pt.

Underfull \vbox (badness 10000) has occurred while \output is active []

 [29]
[30 <./images/walls_ma_n4_c-combined-exp[2, 5]-new.pdf> <./images/filament_ma_n
4_c-combined-exp[2, 5]-new.pdf>] [31]
<./images/c-n4-new-zeros.pdf, id=1358, 578.16pt x 433.62pt>
File: ./images/c-n4-new-zeros.pdf Graphic file (type pdf)
<use ./images/c-n4-new-zeros.pdf>
Package pdftex.def Info: ./images/c-n4-new-zeros.pdf  used on input line 125.
(pdftex.def)             Requested size: 364.19667pt x 273.14235pt.
<./images/c-n8-new-zeros.pdf, id=1359, 578.16pt x 433.62pt>
File: ./images/c-n8-new-zeros.pdf Graphic file (type pdf)
<use ./images/c-n8-new-zeros.pdf>
Package pdftex.def Info: ./images/c-n8-new-zeros.pdf  used on input line 127.
(pdftex.def)             Requested size: 364.19667pt x 273.14235pt.
 [32] [33 <./images/c-n4-new-zeros.pdf> <./images/c-n8-new-zeros.pdf>]
<images/sampler.png, id=1467, 2125.9425pt x 1180.41pt>
File: images/sampler.png Graphic file (type png)
<use images/sampler.png>
Package pdftex.def Info: images/sampler.png  used on input line 154.
(pdftex.def)             Requested size: 455.24411pt x 252.75655pt.
<images/mcmc_cost.pdf, id=1469, 578.16pt x 433.62pt>
File: images/mcmc_cost.pdf Graphic file (type pdf)
<use images/mcmc_cost.pdf>
Package pdftex.def Info: images/mcmc_cost.pdf  used on input line 163.
(pdftex.def)             Requested size: 364.19667pt x 273.14235pt.
 [34] [35 <./images/sampler.png> <./images/mcmc_cost.pdf>]
<./images/costmatrix-mcmc-diff.pdf, id=1526, 578.16pt x 433.62pt>
File: ./images/costmatrix-mcmc-diff.pdf Graphic file (type pdf)
<use ./images/costmatrix-mcmc-diff.pdf>
Package pdftex.def Info: ./images/costmatrix-mcmc-diff.pdf  used on input line 
174.
(pdftex.def)             Requested size: 364.19667pt x 273.14235pt.
) [36 <./images/costmatrix-mcmc-diff.pdf>]
\openout2 = `outlook.aux'.

 (./outlook.tex
Chapter 6.
[37




]) [38]
(./inverse_optimal_transport_in_cosmological_simulations_Benthe_Sturre.bbl
[39



] [40]) [41]
\openout2 = `appendix.aux'.

 (./appendix.tex [42


]
Appendix A.
[43] [44] [45
pdfTeX warning (ext4): destination with the same identifier (name{equation.A.4}
) has been already used, duplicate ignored
<argument> ...shipout:D \box_use:N \l_shipout_box 
                                                  \__shipout_drop_firstpage_...
l.130 	\end{align}
                  
pdfTeX warning (ext4): destination with the same identifier (name{equation.A.4}
) has been already used, duplicate ignored
<argument> ...shipout:D \box_use:N \l_shipout_box 
                                                  \__shipout_drop_firstpage_...
l.130 	\end{align}
                  ] [46]
Overfull \hbox (6.86526pt too wide) detected at line 194
[]
 []

[47] [48] [49
pdfTeX warning (ext4): destination with the same identifier (name{equation.A.8}
) has been already used, duplicate ignored
<argument> ...shipout:D \box_use:N \l_shipout_box 
                                                  \__shipout_drop_firstpage_...
l.285 	\end{align*}
                   ] [50] [51]
Overfull \hbox (6.53891pt too wide) detected at line 369
[]
 []

[52] [53] [54

]
Appendix B.
<./images/nonuniform_expansion_ma_n4_c-M10-exp2-newdiff.pdf, id=1760, 578.16pt 
x 433.62pt>
File: ./images/nonuniform_expansion_ma_n4_c-M10-exp2-newdiff.pdf Graphic file (
type pdf)
<use ./images/nonuniform_expansion_ma_n4_c-M10-exp2-newdiff.pdf>
Package pdftex.def Info: ./images/nonuniform_expansion_ma_n4_c-M10-exp2-newdiff
.pdf  used on input line 395.
(pdftex.def)             Requested size: 227.62206pt x 170.71231pt.
<./images/nonuniform_collapse_ma_n4_c-M10-exp2-newdiff.pdf, id=1761, 578.16pt x
 433.62pt>
File: ./images/nonuniform_collapse_ma_n4_c-M10-exp2-newdiff.pdf Graphic file (t
ype pdf)
<use ./images/nonuniform_collapse_ma_n4_c-M10-exp2-newdiff.pdf>
Package pdftex.def Info: ./images/nonuniform_collapse_ma_n4_c-M10-exp2-newdiff.
pdf  used on input line 396.
(pdftex.def)             Requested size: 227.62206pt x 170.71231pt.
[55 <./images/nonuniform_expansion_ma_n4_c-M10-exp2-newdiff.pdf> <./images/nonu
niform_collapse_ma_n4_c-M10-exp2-newdiff.pdf>] [56

]
Appendix C.
<./images/nonuniform_expansion_ma_n8_c-combined-exp[2, 5]-new.pdf, id=1866, 887
.41351pt x 482.2059pt>
File: ./images/nonuniform_expansion_ma_n8_c-combined-exp[2, 5]-new.pdf Graphic 
file (type pdf)
<use ./images/nonuniform_expansion_ma_n8_c-combined-exp[2, 5]-new.pdf>
Package pdftex.def Info: ./images/nonuniform_expansion_ma_n8_c-combined-exp[2, 
5]-new.pdf  used on input line 411.
(pdftex.def)             Requested size: 364.19667pt x 197.89699pt.
[57 <./images/nonuniform_expansion_ma_n8_c-combined-exp[2, 5]-new.pdf>]
<./images/nonuniform_expansion_ma_ncombined-n8-new.pdf, id=1922, 877.1878pt x 5
00.7596pt>
File: ./images/nonuniform_expansion_ma_ncombined-n8-new.pdf Graphic file (type 
pdf)
<use ./images/nonuniform_expansion_ma_ncombined-n8-new.pdf>
Package pdftex.def Info: ./images/nonuniform_expansion_ma_ncombined-n8-new.pdf 
 used on input line 420.
(pdftex.def)             Requested size: 364.19667pt x 207.91069pt.
<./images/nonuniform_collapse_ma_n8_c-combined-exp[2, 5]-new.pdf, id=1926, 887.
41351pt x 482.2059pt>
File: ./images/nonuniform_collapse_ma_n8_c-combined-exp[2, 5]-new.pdf Graphic f
ile (type pdf)
<use ./images/nonuniform_collapse_ma_n8_c-combined-exp[2, 5]-new.pdf>
Package pdftex.def Info: ./images/nonuniform_collapse_ma_n8_c-combined-exp[2, 5
]-new.pdf  used on input line 429.
(pdftex.def)             Requested size: 364.19667pt x 197.89699pt.

[58 <./images/nonuniform_expansion_ma_ncombined-n8-new.pdf> <./images/nonunifor
m_collapse_ma_n8_c-combined-exp[2, 5]-new.pdf>]
<./images/nonuniform_collapse_ma_ncombined-n8-new.pdf, id=2032, 877.1878pt x 48
2.2059pt>
File: ./images/nonuniform_collapse_ma_ncombined-n8-new.pdf Graphic file (type p
df)
<use ./images/nonuniform_collapse_ma_ncombined-n8-new.pdf>
Package pdftex.def Info: ./images/nonuniform_collapse_ma_ncombined-n8-new.pdf  
used on input line 438.
(pdftex.def)             Requested size: 364.19667pt x 200.20737pt.
<./images/walls_ma_n8_c-combined-exp[2, 5]-new.pdf, id=2036, 887.41351pt x 482.
2059pt>
File: ./images/walls_ma_n8_c-combined-exp[2, 5]-new.pdf Graphic file (type pdf)

<use ./images/walls_ma_n8_c-combined-exp[2, 5]-new.pdf>
Package pdftex.def Info: ./images/walls_ma_n8_c-combined-exp[2, 5]-new.pdf  use
d on input line 448.
(pdftex.def)             Requested size: 364.19667pt x 197.89699pt.
<./images/filament_ma_n8_c-combined-exp[2, 5]-new.pdf, id=2039, 887.41351pt x 4
82.2059pt>
File: ./images/filament_ma_n8_c-combined-exp[2, 5]-new.pdf Graphic file (type p
df)
<use ./images/filament_ma_n8_c-combined-exp[2, 5]-new.pdf>
Package pdftex.def Info: ./images/filament_ma_n8_c-combined-exp[2, 5]-new.pdf  
used on input line 456.
(pdftex.def)             Requested size: 364.19667pt x 197.89699pt.
 [59 <./images/nonuniform_collapse_ma_ncombined-n8-new.pdf> <./images/walls_ma_
n8_c-combined-exp[2, 5]-new.pdf>]) [60 <./images/filament_ma_n8_c-combined-exp[
2, 5]-new.pdf>]
(./inverse_optimal_transport_in_cosmological_simulations_Benthe_Sturre.aux
(./intro.aux) (./ch2.aux) (./data.aux) (./ch3.aux) (./recovering_cost.aux)
(./outlook.aux) (./appendix.aux))
 ***********
LaTeX2e <2023-11-01> patch level 1
L3 programming layer <2024-01-22>
 ***********
Package rerunfilecheck Info: File `inverse_optimal_transport_in_cosmological_si
mulations_Benthe_Sturre.out' has not changed.
(rerunfilecheck)             Checksum: 0903E4F297DD70A0BDE9BB2E25C60B4C;6954.
 ) 
Here is how much of TeX's memory you used:
 21173 strings out of 474222
 346120 string characters out of 5748733
 1954975 words of memory out of 5000000
 42758 multiletter control sequences out of 15000+600000
 576254 words of font info for 107 fonts, out of 8000000 for 9000
 1141 hyphenation exceptions out of 8191
 89i,20n,93p,1714b,1474s stack positions out of 10000i,1000n,20000p,200000b,200000s
 </home/benthe/.texlive2023/texmf-var/fonts/pk/ljfour/public/bbm/bbm12.600pk>
</usr/share/texlive/texmf-dist/fonts/type1/public/amsfonts/cm/cmbx12.pfb></usr/
share/texlive/texmf-dist/fonts/type1/public/amsfonts/cm/cmbxsl10.pfb></usr/shar
e/texlive/texmf-dist/fonts/type1/public/amsfonts/cm/cmbxti10.pfb></usr/share/te
xlive/texmf-dist/fonts/type1/public/amsfonts/cm/cmcsc10.pfb></usr/share/texlive
/texmf-dist/fonts/type1/public/amsfonts/cm/cmex10.pfb></usr/share/texlive/texmf
-dist/fonts/type1/public/amsfonts/cmextra/cmex8.pfb></usr/share/texlive/texmf-d
ist/fonts/type1/public/amsfonts/cm/cmmi10.pfb></usr/share/texlive/texmf-dist/fo
nts/type1/public/amsfonts/cm/cmmi12.pfb></usr/share/texlive/texmf-dist/fonts/ty
pe1/public/amsfonts/cm/cmmi6.pfb></usr/share/texlive/texmf-dist/fonts/type1/pub
lic/amsfonts/cm/cmmi7.pfb></usr/share/texlive/texmf-dist/fonts/type1/public/ams
fonts/cm/cmmi8.pfb></usr/share/texlive/texmf-dist/fonts/type1/public/amsfonts/c
m/cmr10.pfb></usr/share/texlive/texmf-dist/fonts/type1/public/amsfonts/cm/cmr12
.pfb></usr/share/texlive/texmf-dist/fonts/type1/public/amsfonts/cm/cmr17.pfb></
usr/share/texlive/texmf-dist/fonts/type1/public/amsfonts/cm/cmr6.pfb></usr/shar
e/texlive/texmf-dist/fonts/type1/public/amsfonts/cm/cmr7.pfb></usr/share/texliv
e/texmf-dist/fonts/type1/public/amsfonts/cm/cmr8.pfb></usr/share/texlive/texmf-
dist/fonts/type1/public/amsfonts/cm/cmsl10.pfb></usr/share/texlive/texmf-dist/f
onts/type1/public/amsfonts/cm/cmsltt10.pfb></usr/share/texlive/texmf-dist/fonts
/type1/public/amsfonts/cm/cmsy10.pfb></usr/share/texlive/texmf-dist/fonts/type1
/public/amsfonts/cm/cmsy6.pfb></usr/share/texlive/texmf-dist/fonts/type1/public
/amsfonts/cm/cmsy8.pfb></usr/share/texlive/texmf-dist/fonts/type1/public/amsfon
ts/cm/cmti10.pfb></usr/share/texlive/texmf-dist/fonts/type1/public/amsfonts/cm/
cmti12.pfb></usr/share/texlive/texmf-dist/fonts/type1/public/amsfonts/cm/cmtt10
.pfb></usr/share/texlive/texmf-dist/fonts/type1/public/amsfonts/symbols/msam10.
pfb></usr/share/texlive/texmf-dist/fonts/type1/public/amsfonts/symbols/msbm10.p
fb></usr/share/texmf/fonts/type1/public/cm-super/sfrm1200.pfb>
Output written on inverse_optimal_transport_in_cosmological_simulations_Benthe_
Sturre.pdf (66 pages, 1942332 bytes).
PDF statistics:
 2367 PDF objects out of 2487 (max. 8388607)
 1466 compressed objects within 15 object streams
 273 named destinations out of 1000 (max. 500000)
 483 words of extra memory for PDF output out of 10000 (max. 10000000)

